risky_function error: ZeroDivisionError. Inputs: (1, 0)
